// Jest Snapshot v1, https://goo.gl/fbAQLP

exports[`any '
' AST to match snapshot 1`] = `
"
"
`;

exports[`any ' ' AST to match snapshot 1`] = `" "`;

exports[`any '' Error to match snapshot 1`] = `
{
  "expected": [
    "any character",
  ],
  "pos": {
    "column": 1,
    "index": 0,
    "line": 1,
  },
}
`;

exports[`any 'a' AST to match snapshot 1`] = `"a"`;

exports[`any 'b' AST to match snapshot 1`] = `"b"`;
