// Bun Snapshot v1, https://goo.gl/fbAQLP

exports[`any '' conditional failure tests Error matches snapshot 1`] = `
{
  "expected": [
    "any character",
  ],
  "pos": {
    "column": 1,
    "index": 0,
    "line": 1,
  },
}
`;

exports[`any 'a' conditional success tests AST matches snapshot 1`] = `"a"`;

exports[`any 'b' conditional success tests AST matches snapshot 1`] = `"b"`;

exports[`any ' ' conditional success tests AST matches snapshot 1`] = `" "`;

exports[`any '
' conditional success tests AST matches snapshot 1`] = `
"
"
`;
