// Bun Snapshot v1, https://bun.sh/docs/test/snapshots

exports[`position 'a' conditional success tests AST matches snapshot 1`] = `1`;

exports[`position 'b' conditional success tests AST matches snapshot 1`] = `0`;

exports[`position 'aab' conditional success tests AST matches snapshot 1`] = `2`;

exports[`position 'a/nab' conditional success tests AST matches snapshot 1`] = `3`;
