// Bun Snapshot v1, https://bun.sh/docs/test/snapshots

exports[`eof '' conditional failure tests Error matches snapshot 1`] = `
{
  "expected": [
    "'a'",
  ],
  "pos": 0,
}
`;

exports[`eof 'a' conditional success tests AST matches snapshot 1`] = `undefined`;

exports[`eof 'aa' conditional failure tests Error matches snapshot 1`] = `
{
  "expected": [
    "eof",
  ],
  "pos": 1,
}
`;
