// Jest Snapshot v1, https://goo.gl/fbAQLP

exports[`position 'a
ab' AST to match snapshot 1`] = `
{
  "column": 2,
  "index": 3,
  "line": 2,
}
`;

exports[`position 'a' AST to match snapshot 1`] = `
{
  "column": 2,
  "index": 1,
  "line": 1,
}
`;

exports[`position 'aab' AST to match snapshot 1`] = `
{
  "column": 3,
  "index": 2,
  "line": 1,
}
`;

exports[`position 'b' AST to match snapshot 1`] = `
{
  "column": 1,
  "index": 0,
  "line": 1,
}
`;
