// Bun Snapshot v1, https://bun.sh/docs/test/snapshots

exports[`sequence '' conditional failure tests Error matches snapshot 1`] = `
{
  "expected": [
    "'this'",
  ],
  "pos": 0,
}
`;

exports[`sequence 'this' conditional failure tests Error matches snapshot 1`] = `
{
  "expected": [
    "'that'",
  ],
  "pos": 4,
}
`;

exports[`sequence 'that' conditional failure tests Error matches snapshot 1`] = `
{
  "expected": [
    "'this'",
  ],
  "pos": 0,
}
`;

exports[`sequence 'thisthat' conditional success tests AST matches snapshot 1`] = `
[
  "this",
  "that",
  undefined,
]
`;

exports[`sequence 'thisthatfoo' conditional failure tests Error matches snapshot 1`] = `
{
  "expected": [
    "eof",
  ],
  "pos": 8,
}
`;

exports[`sequence 'foo' conditional failure tests Error matches snapshot 1`] = `
{
  "expected": [
    "'this'",
  ],
  "pos": 0,
}
`;
