// Bun Snapshot v1, https://goo.gl/fbAQLP

exports[`noneOf '' conditional failure tests Error matches snapshot 1`] = `
{
  "expected": [
    "no character of 'abc'",
  ],
  "pos": {
    "column": 1,
    "index": 0,
    "line": 1,
  },
}
`;

exports[`noneOf 'a' conditional failure tests Error matches snapshot 1`] = `
{
  "expected": [
    "no character of 'abc'",
  ],
  "pos": {
    "column": 1,
    "index": 0,
    "line": 1,
  },
}
`;

exports[`noneOf 'b' conditional failure tests Error matches snapshot 1`] = `
{
  "expected": [
    "no character of 'abc'",
  ],
  "pos": {
    "column": 1,
    "index": 0,
    "line": 1,
  },
}
`;

exports[`noneOf 'c' conditional failure tests Error matches snapshot 1`] = `
{
  "expected": [
    "no character of 'abc'",
  ],
  "pos": {
    "column": 1,
    "index": 0,
    "line": 1,
  },
}
`;

exports[`noneOf 'afoo' conditional failure tests Error matches snapshot 1`] = `
{
  "expected": [
    "no character of 'abc'",
  ],
  "pos": {
    "column": 1,
    "index": 0,
    "line": 1,
  },
}
`;

exports[`noneOf 'foo' conditional success tests AST matches snapshot 1`] = `"f"`;

exports[`manyNotOf '' conditional success tests AST matches snapshot 1`] = `""`;

exports[`manyNotOf 'a' conditional success tests AST matches snapshot 1`] = `""`;

exports[`manyNotOf 'b' conditional success tests AST matches snapshot 1`] = `""`;

exports[`manyNotOf 'c' conditional success tests AST matches snapshot 1`] = `""`;

exports[`manyNotOf 'abcabc' conditional success tests AST matches snapshot 1`] = `""`;

exports[`manyNotOf 'afoo' conditional success tests AST matches snapshot 1`] = `""`;

exports[`manyNotOf 'foo' conditional success tests AST matches snapshot 1`] = `"foo"`;

exports[`manyNotOf 'fooa' conditional success tests AST matches snapshot 1`] = `"foo"`;
