// Bun Snapshot v1, https://bun.sh/docs/test/snapshots

exports[`string '' conditional failure tests Error matches snapshot 1`] = `
{
  "expected": [
    "'this'",
  ],
  "pos": 0,
}
`;

exports[`string 'this' conditional success tests AST matches snapshot 1`] = `"this"`;

exports[`string 'thisthat' conditional success tests AST matches snapshot 1`] = `"this"`;

exports[`string 'foo' conditional failure tests Error matches snapshot 1`] = `
{
  "expected": [
    "'this'",
  ],
  "pos": 0,
}
`;
