// Bun Snapshot v1, https://bun.sh/docs/test/snapshots

exports[`sequenceMap '' conditional failure tests Error matches snapshot 1`] = `
{
  "expected": [
    "'this'",
  ],
  "pos": 0,
}
`;

exports[`sequenceMap 'this' conditional failure tests Error matches snapshot 1`] = `
{
  "expected": [
    "'that'",
  ],
  "pos": 4,
}
`;

exports[`sequenceMap 'that' conditional failure tests Error matches snapshot 1`] = `
{
  "expected": [
    "'this'",
  ],
  "pos": 0,
}
`;

exports[`sequenceMap 'thisthat' conditional success tests AST matches snapshot 1`] = `"thisthat"`;

exports[`sequenceMap 'thisthatfoo' conditional failure tests Error matches snapshot 1`] = `
{
  "expected": [
    "eof",
  ],
  "pos": 8,
}
`;

exports[`sequenceMap 'foo' conditional failure tests Error matches snapshot 1`] = `
{
  "expected": [
    "'this'",
  ],
  "pos": 0,
}
`;
