// Jest Snapshot v1, https://goo.gl/fbAQLP

exports[`sequence '' AST to match snapshot 1`] = `""`;

exports[`sequence 'a' AST to match snapshot 1`] = `"a"`;

exports[`sequence 'aa' AST to match snapshot 1`] = `"aa"`;

exports[`sequence 'aab' AST to match snapshot 1`] = `"aa"`;

exports[`sequence 'baa' AST to match snapshot 1`] = `""`;

exports[`sequence 'foo' AST to match snapshot 1`] = `""`;
