// Bun Snapshot v1, https://goo.gl/fbAQLP

exports[`oneStringOf '' conditional failure tests Error to match snapshot 1`] = `
{
  "expected": [
    "'a' or 'b' or 'c'",
  ],
  "pos": {
    "column": 1,
    "index": 0,
    "line": 1,
  },
}
`;

exports[`oneStringOf 'a' conditional success tests AST to match snapshot 1`] = `"a"`;

exports[`oneStringOf 'b' conditional success tests AST to match snapshot 1`] = `"b"`;

exports[`oneStringOf 'c' conditional success tests AST to match snapshot 1`] = `"c"`;

exports[`oneStringOf 'afoo' conditional success tests AST to match snapshot 1`] = `"a"`;

exports[`oneStringOf 'foo' conditional failure tests Error to match snapshot 1`] = `
{
  "expected": [
    "'a' or 'b' or 'c'",
  ],
  "pos": {
    "column": 1,
    "index": 0,
    "line": 1,
  },
}
`;
