// Bun Snapshot v1, https://bun.sh/docs/test/snapshots

exports[`regexp '' conditional failure tests Error matches snapshot 1`] = `
{
  "expected": [
    "^[a-z]+",
  ],
  "pos": 0,
}
`;

exports[`regexp 'this' conditional success tests AST matches snapshot 1`] = `"this"`;

exports[`regexp 'thisthat' conditional success tests AST matches snapshot 1`] = `"thisthat"`;

exports[`regexp '2thisthat' conditional failure tests Error matches snapshot 1`] = `
{
  "expected": [
    "^[a-z]+",
  ],
  "pos": 0,
}
`;

exports[`regexp '&foo' conditional failure tests Error matches snapshot 1`] = `
{
  "expected": [
    "^[a-z]+",
  ],
  "pos": 0,
}
`;
