// Jest Snapshot v1, https://goo.gl/fbAQLP

exports[`custom '' AST to match snapshot 1`] = `"value"`;

exports[`custom 'foo' AST to match snapshot 1`] = `"value"`;

exports[`custom 'that' AST to match snapshot 1`] = `"value"`;

exports[`custom 'this' AST to match snapshot 1`] = `"value"`;

exports[`custom 'thisthat' AST to match snapshot 1`] = `"value"`;

exports[`custom 'thisthatfoo' AST to match snapshot 1`] = `"value"`;
