// Bun Snapshot v1, https://bun.sh/docs/test/snapshots

exports[`oneStringOf '' conditional failure tests Error matches snapshot 1`] = `
{
  "expected": [
    "'a' or 'b' or 'c'",
  ],
  "pos": 0,
}
`;

exports[`oneStringOf 'a' conditional success tests AST matches snapshot 1`] = `"a"`;

exports[`oneStringOf 'b' conditional success tests AST matches snapshot 1`] = `"b"`;

exports[`oneStringOf 'c' conditional success tests AST matches snapshot 1`] = `"c"`;

exports[`oneStringOf 'afoo' conditional success tests AST matches snapshot 1`] = `"a"`;

exports[`oneStringOf 'foo' conditional failure tests Error matches snapshot 1`] = `
{
  "expected": [
    "'a' or 'b' or 'c'",
  ],
  "pos": 0,
}
`;
