// Jest Snapshot v1, https://goo.gl/fbAQLP

exports[`manyNotOf '' AST to match snapshot 1`] = `""`;

exports[`manyNotOf 'a' AST to match snapshot 1`] = `""`;

exports[`manyNotOf 'abcabc' AST to match snapshot 1`] = `""`;

exports[`manyNotOf 'afoo' AST to match snapshot 1`] = `""`;

exports[`manyNotOf 'b' AST to match snapshot 1`] = `""`;

exports[`manyNotOf 'c' AST to match snapshot 1`] = `""`;

exports[`manyNotOf 'foo' AST to match snapshot 1`] = `"foo"`;

exports[`manyNotOf 'fooa' AST to match snapshot 1`] = `"foo"`;

exports[`noneOf '' Error to match snapshot 1`] = `
{
  "expected": [
    "no character of 'abc'",
  ],
  "pos": {
    "column": 1,
    "index": 0,
    "line": 1,
  },
}
`;

exports[`noneOf 'a' Error to match snapshot 1`] = `
{
  "expected": [
    "no character of 'abc'",
  ],
  "pos": {
    "column": 1,
    "index": 0,
    "line": 1,
  },
}
`;

exports[`noneOf 'afoo' Error to match snapshot 1`] = `
{
  "expected": [
    "no character of 'abc'",
  ],
  "pos": {
    "column": 1,
    "index": 0,
    "line": 1,
  },
}
`;

exports[`noneOf 'b' Error to match snapshot 1`] = `
{
  "expected": [
    "no character of 'abc'",
  ],
  "pos": {
    "column": 1,
    "index": 0,
    "line": 1,
  },
}
`;

exports[`noneOf 'c' Error to match snapshot 1`] = `
{
  "expected": [
    "no character of 'abc'",
  ],
  "pos": {
    "column": 1,
    "index": 0,
    "line": 1,
  },
}
`;

exports[`noneOf 'foo' AST to match snapshot 1`] = `"f"`;
