// Bun Snapshot v1, https://bun.sh/docs/test/snapshots

exports[`fail '' conditional failure tests Error matches snapshot 1`] = `
{
  "expected": [
    "expected",
  ],
  "pos": 0,
}
`;

exports[`fail 'this' conditional failure tests Error matches snapshot 1`] = `
{
  "expected": [
    "expected",
  ],
  "pos": 0,
}
`;

exports[`fail 'that' conditional failure tests Error matches snapshot 1`] = `
{
  "expected": [
    "expected",
  ],
  "pos": 0,
}
`;

exports[`fail 'thisthat' conditional failure tests Error matches snapshot 1`] = `
{
  "expected": [
    "expected",
  ],
  "pos": 0,
}
`;

exports[`fail 'thisthatfoo' conditional failure tests Error matches snapshot 1`] = `
{
  "expected": [
    "expected",
  ],
  "pos": 0,
}
`;

exports[`fail 'foo' conditional failure tests Error matches snapshot 1`] = `
{
  "expected": [
    "expected",
  ],
  "pos": 0,
}
`;
