// Bun Snapshot v1, https://bun.sh/docs/test/snapshots

exports[`wrap '' conditional failure tests Error matches snapshot 1`] = `
{
  "expected": [
    "'('",
  ],
  "pos": 0,
}
`;

exports[`wrap '(this)' conditional success tests AST matches snapshot 1`] = `"this"`;

exports[`wrap 'this)' conditional failure tests Error matches snapshot 1`] = `
{
  "expected": [
    "'('",
  ],
  "pos": 0,
}
`;

exports[`wrap '(this' conditional failure tests Error matches snapshot 1`] = `
{
  "expected": [
    "')'",
  ],
  "pos": 5,
}
`;

exports[`wrap ')this(' conditional failure tests Error matches snapshot 1`] = `
{
  "expected": [
    "'('",
  ],
  "pos": 0,
}
`;

exports[`wrap 'foo' conditional failure tests Error matches snapshot 1`] = `
{
  "expected": [
    "'('",
  ],
  "pos": 0,
}
`;

exports[`wrap string '' conditional failure tests Error matches snapshot 1`] = `
{
  "expected": [
    "'('",
  ],
  "pos": 0,
}
`;

exports[`wrap string '(this)' conditional success tests AST matches snapshot 1`] = `"this"`;

exports[`wrap string 'this)' conditional failure tests Error matches snapshot 1`] = `
{
  "expected": [
    "'('",
  ],
  "pos": 0,
}
`;

exports[`wrap string '(this' conditional failure tests Error matches snapshot 1`] = `
{
  "expected": [
    "')'",
  ],
  "pos": 5,
}
`;

exports[`wrap string ')this(' conditional failure tests Error matches snapshot 1`] = `
{
  "expected": [
    "'('",
  ],
  "pos": 0,
}
`;

exports[`wrap string 'foo' conditional failure tests Error matches snapshot 1`] = `
{
  "expected": [
    "'('",
  ],
  "pos": 0,
}
`;
