// Bun Snapshot v1, https://bun.sh/docs/test/snapshots

exports[`parse '' conditional failure tests Error matches snapshot 1`] = `
{
  "expected": [
    "'this'",
  ],
  "pos": 0,
}
`;

exports[`parse 'this' conditional success tests AST matches snapshot 1`] = `"this"`;

exports[`parse 'that' conditional failure tests Error matches snapshot 1`] = `
{
  "expected": [
    "'this'",
  ],
  "pos": 0,
}
`;
