// Bun Snapshot v1, https://bun.sh/docs/test/snapshots

exports[`result '' conditional failure tests Error matches snapshot 1`] = `
{
  "expected": [
    "'this'",
  ],
  "pos": 0,
}
`;

exports[`result 'this' conditional success tests AST matches snapshot 1`] = `"result"`;

exports[`result 'foo' conditional failure tests Error matches snapshot 1`] = `
{
  "expected": [
    "'this'",
  ],
  "pos": 0,
}
`;
