// Bun Snapshot v1, https://bun.sh/docs/test/snapshots

exports[`many '' conditional success tests AST matches snapshot 1`] = `[]`;

exports[`many 'a' conditional success tests AST matches snapshot 1`] = `
[
  "a",
]
`;

exports[`many 'aa' conditional success tests AST matches snapshot 1`] = `
[
  "a",
  "a",
]
`;

exports[`many 'aaa' conditional success tests AST matches snapshot 1`] = `
[
  "a",
  "a",
  "a",
]
`;

exports[`many 'abaa' conditional failure tests Error matches snapshot 1`] = `
{
  "expected": [
    "'a'",
    "eof",
  ],
  "pos": 1,
}
`;
