// Bun Snapshot v1, https://goo.gl/fbAQLP

exports[`describe '' conditional failure tests Error matches snapshot 1`] = `
{
  "expected": [
    "some error",
  ],
  "pos": {
    "column": 1,
    "index": 0,
    "line": 1,
  },
}
`;

exports[`describe 'this' conditional success tests AST matches snapshot 1`] = `"this"`;

exports[`describe 'foo' conditional failure tests Error matches snapshot 1`] = `
{
  "expected": [
    "some error",
  ],
  "pos": {
    "column": 1,
    "index": 0,
    "line": 1,
  },
}
`;
