// Bun Snapshot v1, https://bun.sh/docs/test/snapshots

exports[`describe '' conditional failure tests Error matches snapshot 1`] = `
{
  "expected": [
    "some error",
  ],
  "pos": 0,
}
`;

exports[`describe 'this' conditional success tests AST matches snapshot 1`] = `"this"`;

exports[`describe 'foo' conditional failure tests Error matches snapshot 1`] = `
{
  "expected": [
    "some error",
  ],
  "pos": 0,
}
`;
