// Bun Snapshot v1, https://goo.gl/fbAQLP

exports[`many '' conditional success tests AST matches snapshot 1`] = `[]`;

exports[`many 'a' conditional success tests AST matches snapshot 1`] = `
[
  "a",
]
`;

exports[`many 'aa' conditional success tests AST matches snapshot 1`] = `
[
  "a",
  "a",
]
`;

exports[`many 'aaa' conditional success tests AST matches snapshot 1`] = `
[
  "a",
  "a",
  "a",
]
`;

exports[`many 'abaa' conditional failure tests Error matches snapshot 1`] = `
{
  "expected": [
    "'a'",
    "eof",
  ],
  "pos": {
    "column": 2,
    "index": 1,
    "line": 1,
  },
}
`;
