// Bun Snapshot v1, https://bun.sh/docs/test/snapshots

exports[`followedBy '' conditional failure tests Error matches snapshot 1`] = `
{
  "expected": [
    "'this'",
  ],
  "pos": 0,
}
`;

exports[`followedBy 'thisthat' conditional success tests AST matches snapshot 1`] = `
{
  "name": "after",
  "range": {
    "from": 0,
    "to": 4,
  },
  "value": {
    "name": "before",
    "range": {
      "from": 0,
      "to": 4,
    },
    "value": "this",
  },
}
`;

exports[`followedBy 'this' conditional failure tests Error matches snapshot 1`] = `
{
  "expected": [
    "'that'",
  ],
  "pos": 4,
}
`;

exports[`followedBy 'that' conditional failure tests Error matches snapshot 1`] = `
{
  "expected": [
    "'this'",
  ],
  "pos": 0,
}
`;

exports[`followedBy 'thatthis' conditional failure tests Error matches snapshot 1`] = `
{
  "expected": [
    "'this'",
  ],
  "pos": 0,
}
`;

exports[`followedBy 'foo' conditional failure tests Error matches snapshot 1`] = `
{
  "expected": [
    "'this'",
  ],
  "pos": 0,
}
`;
