// Bun Snapshot v1, https://bun.sh/docs/test/snapshots

exports[`optional value '' conditional failure tests Error matches snapshot 1`] = `
{
  "expected": [
    "'this'",
  ],
  "pos": 0,
}
`;

exports[`optional value 'this' conditional success tests AST matches snapshot 1`] = `undefined`;

exports[`optional value 'thisthat' conditional success tests AST matches snapshot 1`] = `"that"`;

exports[`optional value 'that' conditional failure tests Error matches snapshot 1`] = `
{
  "expected": [
    "'this'",
  ],
  "pos": 0,
}
`;

exports[`optional value 'thatthis' conditional failure tests Error matches snapshot 1`] = `
{
  "expected": [
    "'this'",
  ],
  "pos": 0,
}
`;

exports[`optional value 'foo' conditional failure tests Error matches snapshot 1`] = `
{
  "expected": [
    "'this'",
  ],
  "pos": 0,
}
`;

exports[`optional no value '' conditional failure tests Error matches snapshot 1`] = `
{
  "expected": [
    "'this'",
  ],
  "pos": 0,
}
`;

exports[`optional no value 'this' conditional success tests AST matches snapshot 1`] = `"some fallback"`;

exports[`optional no value 'thisthat' conditional success tests AST matches snapshot 1`] = `"that"`;

exports[`optional no value 'that' conditional failure tests Error matches snapshot 1`] = `
{
  "expected": [
    "'this'",
  ],
  "pos": 0,
}
`;

exports[`optional no value 'thatthis' conditional failure tests Error matches snapshot 1`] = `
{
  "expected": [
    "'this'",
  ],
  "pos": 0,
}
`;

exports[`optional no value 'foo' conditional failure tests Error matches snapshot 1`] = `
{
  "expected": [
    "'this'",
  ],
  "pos": 0,
}
`;
