// Bun Snapshot v1, https://goo.gl/fbAQLP

exports[`parse '' conditional failure tests Error matches snapshot 1`] = `
{
  "expected": [
    "'this'",
  ],
  "pos": {
    "column": 1,
    "index": 0,
    "line": 1,
  },
}
`;

exports[`parse 'this' conditional success tests AST matches snapshot 1`] = `"this"`;

exports[`parse 'that' conditional failure tests Error matches snapshot 1`] = `
{
  "expected": [
    "'this'",
  ],
  "pos": {
    "column": 1,
    "index": 0,
    "line": 1,
  },
}
`;
