// Bun Snapshot v1, https://bun.sh/docs/test/snapshots

exports[`skip '' conditional failure tests Error matches snapshot 1`] = `
{
  "expected": [
    "'this'",
  ],
  "pos": 0,
}
`;

exports[`skip 'this' conditional success tests AST matches snapshot 1`] = `"this"`;

exports[`skip 'foo' conditional failure tests Error matches snapshot 1`] = `
{
  "expected": [
    "'this'",
  ],
  "pos": 0,
}
`;
