// Jest Snapshot v1, https://goo.gl/fbAQLP

exports[`describe '' Error to match snapshot 1`] = `
{
  "expected": [
    "some error",
  ],
  "pos": {
    "column": 1,
    "index": 0,
    "line": 1,
  },
}
`;

exports[`describe 'foo' Error to match snapshot 1`] = `
{
  "expected": [
    "some error",
  ],
  "pos": {
    "column": 1,
    "index": 0,
    "line": 1,
  },
}
`;

exports[`describe 'this' AST to match snapshot 1`] = `"this"`;
