// Bun Snapshot v1, https://bun.sh/docs/test/snapshots

exports[`then '' conditional failure tests Error matches snapshot 1`] = `
{
  "expected": [
    "'this'",
  ],
  "pos": 0,
}
`;

exports[`then 'thisthat' conditional success tests AST matches snapshot 1`] = `"that"`;

exports[`then 'this' conditional failure tests Error matches snapshot 1`] = `
{
  "expected": [
    "'that'",
  ],
  "pos": 4,
}
`;

exports[`then 'that' conditional failure tests Error matches snapshot 1`] = `
{
  "expected": [
    "'this'",
  ],
  "pos": 0,
}
`;

exports[`then 'thatthis' conditional failure tests Error matches snapshot 1`] = `
{
  "expected": [
    "'this'",
  ],
  "pos": 0,
}
`;

exports[`then 'foo' conditional failure tests Error matches snapshot 1`] = `
{
  "expected": [
    "'this'",
  ],
  "pos": 0,
}
`;
