// Bun Snapshot v1, https://bun.sh/docs/test/snapshots

exports[`chain '' conditional failure tests Error matches snapshot 1`] = `
{
  "expected": [
    "'this'",
    "a digit",
  ],
  "pos": 0,
}
`;

exports[`chain 'thisthat' conditional success tests AST matches snapshot 1`] = `"that"`;

exports[`chain '1bar' conditional success tests AST matches snapshot 1`] = `"bar"`;

exports[`chain 'thisbar' conditional failure tests Error matches snapshot 1`] = `
{
  "expected": [
    "'that'",
  ],
  "pos": 4,
}
`;

exports[`chain '1that' conditional failure tests Error matches snapshot 1`] = `
{
  "expected": [
    "'bar'",
  ],
  "pos": 1,
}
`;

exports[`chain 'this' conditional failure tests Error matches snapshot 1`] = `
{
  "expected": [
    "'that'",
  ],
  "pos": 4,
}
`;

exports[`chain '1' conditional failure tests Error matches snapshot 1`] = `
{
  "expected": [
    "'bar'",
  ],
  "pos": 1,
}
`;

exports[`chain 'thatthis' conditional failure tests Error matches snapshot 1`] = `
{
  "expected": [
    "'this'",
    "a digit",
  ],
  "pos": 0,
}
`;

exports[`chain 'foo' conditional failure tests Error matches snapshot 1`] = `
{
  "expected": [
    "'this'",
    "a digit",
  ],
  "pos": 0,
}
`;
