// Bun Snapshot v1, https://bun.sh/docs/test/snapshots

exports[`or '' conditional failure tests Error matches snapshot 1`] = `
{
  "expected": [
    "'that'",
    "'this'",
  ],
  "pos": 0,
}
`;

exports[`or 'this' conditional success tests AST matches snapshot 1`] = `"this"`;

exports[`or 'that' conditional success tests AST matches snapshot 1`] = `"that"`;

exports[`or 'thisthat' conditional failure tests Error matches snapshot 1`] = `
{
  "expected": [
    "eof",
  ],
  "pos": 4,
}
`;

exports[`or 'thatthis' conditional failure tests Error matches snapshot 1`] = `
{
  "expected": [
    "eof",
  ],
  "pos": 4,
}
`;

exports[`or 'foo' conditional failure tests Error matches snapshot 1`] = `
{
  "expected": [
    "'that'",
    "'this'",
  ],
  "pos": 0,
}
`;
