// Bun Snapshot v1, https://bun.sh/docs/test/snapshots

exports[`node '' conditional failure tests Error matches snapshot 1`] = `
{
  "expected": [
    "'this'",
  ],
  "pos": 0,
}
`;

exports[`node 'this' conditional success tests AST matches snapshot 1`] = `
{
  "range": {
    "from": 0,
    "to": 4,
  },
  "value": "this",
}
`;

exports[`node 'foo' conditional failure tests Error matches snapshot 1`] = `
{
  "expected": [
    "'this'",
  ],
  "pos": 0,
}
`;
