// Jest Snapshot v1, https://goo.gl/fbAQLP

exports[`skip '' Error to match snapshot 1`] = `
{
  "expected": [
    "'this'",
  ],
  "pos": {
    "column": 1,
    "index": 0,
    "line": 1,
  },
}
`;

exports[`skip 'foo' Error to match snapshot 1`] = `
{
  "expected": [
    "'this'",
  ],
  "pos": {
    "column": 1,
    "index": 0,
    "line": 1,
  },
}
`;

exports[`skip 'this' AST to match snapshot 1`] = `"this"`;
