// Bun Snapshot v1, https://bun.sh/docs/test/snapshots

exports[`map '' conditional failure tests Error matches snapshot 1`] = `
{
  "expected": [
    "'this'",
  ],
  "pos": 0,
}
`;

exports[`map 'this' conditional success tests AST matches snapshot 1`] = `"this is the result"`;

exports[`map 'foo' conditional failure tests Error matches snapshot 1`] = `
{
  "expected": [
    "'this'",
  ],
  "pos": 0,
}
`;
